{
  "a": [1,2],
  "b": {
    "c": 2,
    "e": "string"
  },
  "d": {
    "f": [4,5,6]
  }
}
