{
  "a": "different string",
  "b": 2,
  "e": -1
}
