{
  "a": "string",
  "b": 1,
  "c": 1.1,
  "d": 1e10,
  "e": -1,
  "f": true,
  "g": false,
  "h": null
}
